
> mardown-to-pdf@1.0.0 build
> next build

node.exe : ΓÜá Warning: Next.js inferred your 
workspace root, but it may not be correct.
At C:\Program Files\nodejs\npm.ps1:29 char:3
+   & $NODE_EXE $NPM_CLI_JS $args
+   ~~~~~~~~~~~~~~~~~~~~~~~~~~~~~
    + CategoryInfo          : NotSpecified: (ΓÜ 
   á Warning: Ne...not be correct.:String) [],  
   RemoteException
    + FullyQualifiedErrorId : NativeCommandErro 
   r
 
 We detected multiple lockfiles and selected 
the directory of C:\Users\Siraj Nur 
Ihrom\Documents\package-lock.json as the root 
directory.
 To silence this warning, set `turbopack.root` 
in your Next.js config, or consider removing 
one of the lockfiles if it's not needed.
   See https://nextjs.org/docs/app/api-reference
/config/next-config-js/turbopack#root-directory 
for more information.
 Detected additional lockfiles: 
   * C:\Users\Siraj Nur 
Ihrom\Documents\SNISHOP.ID\MARDOWN TO 
PDF\package-lock.json

Γû▓ Next.js 16.1.6 (Turbopack)
- Environments: .env

ΓÜá The "middleware" file convention is 
deprecated. Please use "proxy" instead. Learn 
more: https://nextjs.org/docs/messages/middlewar
e-to-proxy
  Creating an optimized production build ...
Γ£ô Compiled successfully in 12.3s
  Running TypeScript ...
Failed to compile.

.next/dev/types/validator.ts:360:31
Type error: Type 'typeof import("C:/Users/Siraj 
Nur Ihrom/Documents/SNISHOP.ID/MARDOWN TO 
PDF/src/app/api/transactions/[id]/route")' does 
not satisfy the constraint 
'RouteHandlerConfig<"/api/transactions/[id]">'.
  Types of property 'PATCH' are incompatible.
    Type '(req: Request, { params }: { params: 
{ id: string; }; }) => Promise<NextResponse<{ 
id: string; userId: string; status: string; 
planName: string; amount: number; currency: 
string; paymentMethod: string; createdAt: Date; 
updatedAt: Date; }> | NextResponse<...>>' is 
not assignable to type '(request: NextRequest, 
context: { params: Promise<{ id: string; }>; }) 
=> void | Response | Promise<void | Response>'.
      Types of parameters '__1' and 'context' 
are incompatible.
        Type '{ params: Promise<{ id: string; 
}>; }' is not assignable to type '{ params: { 
id: string; }; }'.
          Types of property 'params' are 
incompatible.
            Property 'id' is missing in type 
'Promise<{ id: string; }>' but required in type 
'{ id: string; }'.

[0m [90m 358 |[39m   type 
__IsExpected[33m<[39m[33mSpecific[39m 
[36mextends[39m [33mRouteHandlerConfig[39m[
33m<[39m[32m"/api/transactions/[id]"[39m[33m
>>[39m [33m=[39m [33mSpecific[39m
 [90m 359 |[39m   [36mconst[39m handler 
[33m=[39m {} [36mas[39m [36mtypeof[39m [3
6mimport[39m([32m"../../../src/app/api/transac
tions/[id]/route.js"[39m)
[31m[1m>[22m[39m[90m 360 |[39m   type 
__Check [33m=[39m 
__IsExpected[33m<[39m[36mtypeof[39m 
handler[33m>[39m
 [90m     |[39m                               
[31m[1m^[22m[39m
 [90m 361 |[39m   [90m// @ts-ignore[39m
 [90m 362 |[39m   type __Unused [33m=[39m 
__Check
 [90m 363 |[39m }[0m
Next.js build worker exited with code: 1 and 
signal: null
